{"Comment":"toolchain - existing A record not found, creating new","Changes":[{"Action":"UPSERT","ResourceRecordSet":{"Name":"unittest-newweb.mycompany.is.","Type":"A","AliasTarget":{"HostedZoneId":"Z32O12XQLNTSW2","EvaluateTargetHealth":false,"DNSName":"dualstack.ae411bef1b71911e6b8da06ac3newweb-1831801284.someregion.elb.amazonaws.com"}}}]}