{"Comment":"toolchain - assuming control of 100% matching A record.","Changes":[{"Action":"UPSERT","ResourceRecordSet":{"Name":"unittest-alpha.mycompany.is.","Type":"TXT","TTL":60,"ResourceRecords":[{"Value":"\"unittest_toolchain_managed\""}]}}]}