{"Comment":"toolchain - updating existing record.","Changes":[{"Action":"UPSERT","ResourceRecordSet":{"Name":"unittest-business.mycompany.is.","Type":"A","AliasTarget":{"HostedZoneId":"Z32O12XQLNTSW2","EvaluateTargetHealth":false,"DNSName":"dualstack.ae371b07eb71911e6b8da06ac32a160f-1479703354.someregion.elb.amazonaws.com"}}}]}