{"Comment":"toolchain - existing A record not found, creating new","Changes":[{"Action":"UPSERT","ResourceRecordSet":{"Name":"unittest-newweb.mycompany.is.","Type":"TXT","TTL":60,"ResourceRecords":[{"Value":"\"unittest_toolchain_managed\""}]}}]}