{"Comment":"toolchain - existing A record not found, taking control.","Changes":[{"Action":"UPSERT","ResourceRecordSet":{"ResourceRecords":[{"Value":"\"Some old existing TXT record value\""},{"Value":"\"unittest_toolchain_managed\""}],"Type":"TXT","Name":"mycompany.is.","TTL":60}}]}